C:\Users\SKY\AppData\Local\Programs\Python\Python311\start-hk.py
C:\Users\SKY\AppData\Local\Programs\Python\Python311\aws5.py
C:\Users\SKY\AppData\Local\Programs\Python\Python311\aws4.py
C:\Users\SKY\AppData\Local\Programs\Python\Python311\aws2.py
C:\Users\SKY\AppData\Local\Programs\Python\Python311\aws3.py
C:\Users\SKY\AppData\Local\Programs\Python\Python311\aws1.py
C:\Users\SKY\AppData\Local\Programs\Python\Python311\wqe-1.py
C:\Users\SKY\AppData\Local\Programs\Python\Python311\frt-1.py
C:\Users\SKY\AppData\Local\Programs\Python\Python311\zaq.py
C:\Users\SKY\AppData\Local\Programs\Python\Python311\mnb1.py
C:\Users\SKY\Desktop\sky py\mnm.py
C:\Users\SKY\AppData\Local\Programs\Python\Python311\demo2.py
C:\Users\SKY\AppData\Local\Programs\Python\Python311\demo1.py
C:\Users\SKY\AppData\Local\Programs\Python\Python311\db3.py
C:\Users\SKY\AppData\Local\Programs\Python\Python311\db2.py
C:\Users\SKY\Desktop\sky py\d1.py
C:\Users\SKY\Desktop\sky py\db2.py
C:\Users\SKY\AppData\Local\Programs\Python\Python311\db1.py
C:\Users\SKY\AppData\Local\Programs\Python\Python311\nmb2.py
C:\Users\SKY\AppData\Local\Programs\Python\Python311\even1.py
C:\Users\SKY\AppData\Local\Programs\Python\Python311\kv1.py
